// Jest Snapshot v1, https://goo.gl/fbAQLP

exports[`Test identity, calculate birthday: id-001 , Module: birthday validate code on 'birthday'. setter: identityNumber() 1`] = `[TypeError: nicNumber.toThrow is not a function]`;

exports[`Test identity, calculate birthday: id-001 , Module: birthday validate code on 'birthday'. setter: identityNumber() 2`] = `[TypeError: nicNumber.toThrow is not a function]`;

exports[`Test identity, calculate birthday: id-001 , Module: birthday validate code on 'birthday'. setter: identityNumber() 3`] = `[TypeError: nicNumber.toThrow is not a function]`;

exports[`Test identity, calculate birthday: id-001 , Module: birthday validate code on 'birthday'. setter: identityNumber() 4`] = `[TypeError: nicNumber.toThrow is not a function]`;

exports[`Test identity, calculate birthday: id-001 , Module: birthday validate code on 'birthday'. setter: identityNumber() 5`] = `[TypeError: nicNumber.toThrow is not a function]`;

exports[`Test identity, calculate birthday: id-001 , Module: birthday validate code on 'birthday'. setter: identityNumber() 6`] = `[TypeError: nicNumber.toThrow is not a function]`;

exports[`Test identity, calculate birthday: id-001 , Module: birthday validate code on 'birthday'. setter: identityNumber() 7`] = `[TypeError: nicNumber.toThrow is not a function]`;

exports[`Test identity, calculate birthday: id-001 , Module: birthday validate code on 'birthday'. setter: identityNumber() 8`] = `[TypeError: nicNumber.toThrow is not a function]`;

exports[`Test identity, calculate birthday: id-001 , Module: birthday validate code on 'birthday'. setter: identityNumber() 9`] = `[TypeError: nicNumber.toThrow is not a function]`;

exports[`Test identity, calculate birthday: id-001 , Module: birthday validate code on 'birthday'. setter: identityNumber() 10`] = `[TypeError: nicNumber.toThrow is not a function]`;
