// Jest Snapshot v1, https://goo.gl/fbAQLP

exports[`Bugfix - Gender module - issue #2 validate code on 'gender'. Method: genderRoStr() using invalid data 1`] = `[Error: The ID number is not valid. The birthday module cannot be used without passing the validation test.]`;

exports[`Bugfix - Gender module - issue #2 validate code on 'gender'. Method: genderRoStr() using invalid data 2`] = `[Error: The ID number is not valid. The birthday module cannot be used without passing the validation test.]`;

exports[`Bugfix - Gender module - issue #2 validate code on 'gender'. Method: genderRoStr() using invalid data 3`] = `[Error: The ID number is not valid. The birthday module cannot be used without passing the validation test.]`;

exports[`Bugfix - Gender module - issue #2 validate code on 'gender'. Method: genderRoStr() using invalid data 4`] = `[Error: The ID number is not valid. The birthday module cannot be used without passing the validation test.]`;

exports[`Bugfix - Gender module - issue #2 validate code on 'gender'. Method: genderRoStr() using invalid data 5`] = `[Error: The ID number is not valid. The birthday module cannot be used without passing the validation test.]`;

exports[`Bugfix - Gender module - issue #2 validate code on 'gender'. Method: genderRoStr() using invalid data 6`] = `[Error: The ID number is not valid. The birthday module cannot be used without passing the validation test.]`;

exports[`Bugfix - Gender module - issue #2 validate code on 'gender'. Method: genderRoStr() using invalid data 7`] = `[Error: The ID number is not valid. The birthday module cannot be used without passing the validation test.]`;

exports[`Bugfix - Gender module - issue #2 validate code on 'gender'. Method: genderRoStr() using invalid data 8`] = `[Error: The ID number is not valid. The birthday module cannot be used without passing the validation test.]`;

exports[`Bugfix - Gender module - issue #2 validate code on 'gender'. Method: genderRoStr() using invalid data 9`] = `[Error: The ID number is not valid. The birthday module cannot be used without passing the validation test.]`;

exports[`Bugfix - Gender module - issue #2 validate code on 'gender'. Method: genderRoStr() using invalid data 10`] = `[Error: The ID number is not valid. The birthday module cannot be used without passing the validation test.]`;

exports[`Bugfix - Gender module - issue #2 validate code on 'gender'. Method: genderRoStr() using invalid data 11`] = `[Error: The ID number is not valid. The birthday module cannot be used without passing the validation test.]`;
